[backblue.gif]
[fade.gif]
[index.html]
[teachers.sduhsd.net/kshakeri/index.html]
[teachers.sduhsd.net/kshakeri/images/button5.jpg]
[teachers.sduhsd.net/kshakeri/images/button6.jpg]
[teachers.sduhsd.net/kshakeri/images/button8.jpg]
[teachers.sduhsd.net/kshakeri/images/button9.jpg]
[teachers.sduhsd.net/kshakeri/images/buttonE.jpg]
[teachers.sduhsd.net/kshakeri/images/buttonF.jpg]
[teachers.sduhsd.net/kshakeri/images/button12.jpg]
[teachers.sduhsd.net/kshakeri/images/button13.jpg]
[teachers.sduhsd.net/kshakeri/buttonC.jpg]
[teachers.sduhsd.net/kshakeri/buttonD.jpg]
[teachers.sduhsd.net/kshakeri/buttonF.jpg]
[teachers.sduhsd.net/kshakeri/button10.jpg]
[teachers.sduhsd.net/kshakeri/images/raven head.png]
[teachers.sduhsd.net/kshakeri/images/button4.jpg]
[teachers.sduhsd.net/kshakeri/images/tetrahedron.jpg]
[teachers.sduhsd.net/kshakeri/images/button7.jpg]
[teachers.sduhsd.net/kshakeri/images/microscope.gif]
[teachers.sduhsd.net/kshakeri/buttonE.jpg]
[teachers.sduhsd.net/kshakeri/chemistry_pages/chemistry.html]
[teachers.sduhsd.net/kshakeri/physics.jpg]
[teachers.sduhsd.net/kshakeri/images/buttonD.jpg]
[teachers.sduhsd.net/kshakeri/images/lax.gif]
[teachers.sduhsd.net/kshakeri/AP_Chemistry_Pages/AP_chem.html]
[teachers.sduhsd.net/kshakeri/buttonB.jpg]
[teachers.sduhsd.net/kshakeri/9.jpg]
[teachers.sduhsd.net/kshakeri/images/button11.jpg]
[teachers.sduhsd.net/kshakeri/images/raven-head.gif]
[teachers.sduhsd.net/kshakeri/chemistry_pages/button16.jpg]
[teachers.sduhsd.net/kshakeri/chemistry_pages/button17.jpg]
[teachers.sduhsd.net/kshakeri/chemistry_pages/buttonC.jpg]
[teachers.sduhsd.net/kshakeri/chemistry_pages/buttonD.jpg]
[teachers.sduhsd.net/kshakeri/chemistry_pages/buttonF.jpg]
[teachers.sduhsd.net/kshakeri/chemistry_pages/button10.jpg]
[teachers.sduhsd.net/kshakeri/chemistry_pages/button2.jpg]
[teachers.sduhsd.net/kshakeri/chemistry_pages/button3.jpg]
[teachers.sduhsd.net/kshakeri/chemistry_pages/button7.jpg]
[teachers.sduhsd.net/kshakeri/chemistry_pages/button8.jpg]
[teachers.sduhsd.net/kshakeri/chemistry_pages/Syllabus/Chemistry_Course_Syllabus.doc]
[teachers.sduhsd.net/kshakeri/chemistry_pages/button15.jpg]
[teachers.sduhsd.net/kshakeri/chemistry_pages/buttonB.jpg]
[teachers.sduhsd.net/kshakeri/chemistry_pages/buttonE.jpg]
[teachers.sduhsd.net/kshakeri/chemistry_pages/button9.jpg]
[teachers.sduhsd.net/kshakeri/chemistry_pages/button1.jpg]
[teachers.sduhsd.net/kshakeri/AP_Chemistry_Pages/buttonA.jpg]
[teachers.sduhsd.net/kshakeri/AP_Chemistry_Pages/buttonB.jpg]
[teachers.sduhsd.net/kshakeri/chemistry_pages/button13.jpg]
[teachers.sduhsd.net/kshakeri/chemistry_pages/button14.jpg]
[teachers.sduhsd.net/kshakeri/AP_Chemistry_Pages/button5.jpg]
[teachers.sduhsd.net/kshakeri/AP_Chemistry_Pages/button6.jpg]
[teachers.sduhsd.net/kshakeri/AP_Chemistry_Pages/button10.jpg]
[teachers.sduhsd.net/kshakeri/AP_Chemistry_Pages/buttonA1.jpg]
[teachers.sduhsd.net/kshakeri/AP_Chemistry_Pages/AP_Chemistry_Syllabus_14.doc]
[teachers.sduhsd.net/kshakeri/AP_Chemistry_Pages/button9.jpg]
[teachers.sduhsd.net/kshakeri/AP_Chemistry_Pages/button8.jpg]
[teachers.sduhsd.net/kshakeri/chemistry_pages/button12.jpg]
[teachers.sduhsd.net/kshakeri/AP_Chemistry_Pages/button4.jpg]
[teachers.sduhsd.net/kshakeri/physics/physics.html]
[teachers.sduhsd.net/kshakeri/Lacrosse/lacrosse.html]
[teachers.sduhsd.net/kshakeri/Lacrosse/2012_Raven_Playbook_password.pdf]
[teachers.sduhsd.net/kshakeri/Surf PE/_MG_3004.jpg]
[teachers.sduhsd.net/kshakeri/Surf PE/cover.jpg]
[teachers.sduhsd.net/kshakeri/Surf PE/Syllabus_s14_shakeri.pdf]
[teachers.sduhsd.net/kshakeri/Surf PE/raven_surf_index.html]
[teachers.sduhsd.net/kshakeri/Surf PE/Copy of pascuales4.jpg]
[teachers.sduhsd.net/kshakeri/Surf PE/december 2009 140.jpg]
[teachers.sduhsd.net/kshakeri/Surf PE/4.jpg]
[teachers.sduhsd.net/kshakeri/Surf PE/view a fram.jpg]
[teachers.sduhsd.net/kshakeri/chemistry_pages/Handouts/Spring_2009/Midterms_and_final/2nd_semester_study_guide_Fall_11_stoich_no_nuclear.doc]
[teachers.sduhsd.net/kshakeri/chemistry_pages/Handouts/Spring_2009/Midterms_and_final/2nd_Quarter_objectives_f10.pdf]
[teachers.sduhsd.net/kshakeri/chemistry_pages/Handouts/Spring_2009/Unit_10_Thermochemistry/thermochem quiz.doc]
[teachers.sduhsd.net/kshakeri/chemistry_pages/Handouts/Spring_2009/Unit_6_Nuclear_Chemistry/Nucelar_chem_WS_f10.pdf]
[teachers.sduhsd.net/kshakeri/chemistry_pages/Handouts/Spring_2009/Unit_11_Kinetics/HW_30_key.pdf]
[teachers.sduhsd.net/kshakeri/chemistry_pages/Warm_Ups/Spring_09/Unit_2/atom_protons_electrons_neutrons.ppt]
[teachers.sduhsd.net/kshakeri/chemistry_pages/Warm_Ups/Spring_09/atom_protons_electrons_neutrons_KEY.ppt]
[teachers.sduhsd.net/kshakeri/chemistry_pages/Handouts/Spring_2009/Unit_12_Equilibrium/EQ Bean Lab.doc]
[teachers.sduhsd.net/kshakeri/chemistry_pages/Handouts/Spring_2009/Binder_handouts/Adult Input Page.pdf]
[teachers.sduhsd.net/kshakeri/chemistry_pages/Handouts/Spring_2009/Unit_12_Equilibrium/Eq Lab Data Cruncher.xls]
[teachers.sduhsd.net/kshakeri/chemistry_pages/Handouts/Spring_2009/Unit_1/Safety_Contract.pdf]
[teachers.sduhsd.net/kshakeri/chemistry_pages/Handouts/Spring_2009/Unit_10_Thermochemistry/thermochem_mastery.pdf]
[teachers.sduhsd.net/kshakeri/chemistry_pages/Handouts/Spring_2009/Unit_12_Equilibrium/Chemical_Equilibrium_Practice_Problems.doc]
[teachers.sduhsd.net/kshakeri/chemistry_pages/Handouts/Spring_2009/Opening_Day/Simplified Student Parent Contract Agreement.doc]
[teachers.sduhsd.net/kshakeri/chemistry_pages/Handouts/Spring_2009/Unit_12_Equilibrium/LeChatelier Problems.doc]
[teachers.sduhsd.net/kshakeri/AP_Chemistry_Pages/Handouts/Social Media- Media Mobil Device Agreement.pdf]
[teachers.sduhsd.net/kshakeri/chemistry_pages/Handouts/Spring_2009/Midterms_and_final/2nd_semester_study_guide_F11_KEY.pdf]
[teachers.sduhsd.net/kshakeri/chemistry_pages/Handouts/Spring_2009/Unit_1/10-Lab-TheThicknessofAluminumFoil-Honors.pdf]
[teachers.sduhsd.net/kshakeri/chemistry_pages/Handouts/Spring_2009/Unit_12_Equilibrium/lechatliers key.jpg]
[teachers.sduhsd.net/kshakeri/chemistry_pages/Handouts/Spring_2009/Unit_12_Equilibrium/Chemical_Equilibrium_Practice_Problems_key.doc]
[teachers.sduhsd.net/kshakeri/chemistry_pages/Handouts/Spring_2009/Unit_10_Thermochemistry/Chapter 16, 17, 18 Objectives.pdf]
[teachers.sduhsd.net/kshakeri/chemistry_pages/Handouts/Spring_2009/Unit_12_Equilibrium/16 17 18 HW Packet.doc]
[teachers.sduhsd.net/kshakeri/chemistry_pages/Handouts/Spring_2009/Unit_10_Thermochemistry/Heat and Chemical Change Problems2.doc]
[teachers.sduhsd.net/kshakeri/chemistry_pages/Handouts/Spring_2009/Unit_10_Thermochemistry/HW 28 hey.jpg]
[teachers.sduhsd.net/kshakeri/chemistry_pages/Handouts/Spring_2009/Unit_1/prefix chart.pdf]
[teachers.sduhsd.net/kshakeri/chemistry_pages/Handouts/Spring_2009/Unit_10_Thermochemistry/HW_29.pdf]
[teachers.sduhsd.net/kshakeri/chemistry_pages/Handouts/Spring_2009/Unit_10_Thermochemistry/Heat of Fusion of Ice Lab.doc]
[teachers.sduhsd.net/kshakeri/chemistry_pages/Handouts/Spring_2009/Unit_1/Unit Fractions.doc]
[teachers.sduhsd.net/kshakeri/chemistry_pages/Handouts/Spring_2009/Unit_10_Thermochemistry/Heat_and_Chemical_Change_Problems_key.pdf]
[teachers.sduhsd.net/kshakeri/chemistry_pages/Handouts/Spring_2009/Unit_9_acid_Base/HW_26_page_1.pdf]
[teachers.sduhsd.net/kshakeri/chemistry_pages/Handouts/Spring_2009/Unit_9_acid_Base/HW_26_page_2.pdf]
[teachers.sduhsd.net/kshakeri/chemistry_pages/Handouts/Spring_2009/Unit_9_acid_Base/Acids and Bases Worksheet_key.doc]
[teachers.sduhsd.net/kshakeri/chemistry_pages/Handouts/Spring_2009/Unit_9_acid_Base/Homework 27 answers.pdf]
[teachers.sduhsd.net/kshakeri/chemistry_pages/Handouts/Spring_2009/Unit_9_acid_Base/Acids and Bases Titration Lab.pdf]
[teachers.sduhsd.net/kshakeri/chemistry_pages/Handouts/Spring_2009/Unit_9_acid_Base/Acids & Bases Quiz A.doc]
[teachers.sduhsd.net/kshakeri/chemistry_pages/Handouts/Spring_2009/Unit_9_acid_Base/Acid_Base_Test_Review.doc]
[teachers.sduhsd.net/kshakeri/chemistry_pages/Handouts/Spring_2009/Unit_9_acid_Base/study_guide_key_2009.doc]
[teachers.sduhsd.net/kshakeri/chemistry_pages/Handouts/Lab Report Format.pdf]
[teachers.sduhsd.net/kshakeri/chemistry_pages/Handouts/Spring_2009/Unit_1/Conversion_Wkst_I.pdf]
[teachers.sduhsd.net/kshakeri/chemistry_pages/Handouts/Spring_2009/Unit_9_acid_Base/Chapter 14 and 15 Objectives.pdf]
[teachers.sduhsd.net/kshakeri/chemistry_pages/Handouts/Spring_2009/Unit_1/Sig_Fig_Sci_Not_WS.pdf]
[teachers.sduhsd.net/kshakeri/chemistry_pages/Handouts/Spring_2009/Unit_9_acid_Base/HW Packet Acid Base Unita.doc]
[teachers.sduhsd.net/kshakeri/chemistry_pages/Handouts/Spring_2009/Unit_1/Answer_key_sig_fig_WS.pdf]
[teachers.sduhsd.net/kshakeri/chemistry_pages/Homework_Sheets/chem_homework_f14.html]
[teachers.sduhsd.net/kshakeri/chemistry_pages/Handouts/Spring_2009/Unit_9_acid_Base/pH_of_common_solutions.doc]
[teachers.sduhsd.net/kshakeri/chemistry_pages/Handouts/Spring_2009/Unit_9_acid_Base/HW25.pdf]
[teachers.sduhsd.net/kshakeri/chemistry_pages/Powerpoints/Spring_2009/Unit_1/Chapter_1/changes of state and scientific theory.ppt]
[teachers.sduhsd.net/kshakeri/chemistry_pages/Handouts/Spring_2009/Unit_9_acid_Base/Acids and Bases Worksheet.doc]
[teachers.sduhsd.net/kshakeri/chemistry_pages/Handouts/Spring_2009/Unit_5_chemical_reactions/chap_9_10_11_HW Packet.pdf]
[teachers.sduhsd.net/kshakeri/chemistry_pages/Powerpoints/Spring_2009/Unit_1/Chapter_2/Chapter_2.ppt]
[teachers.sduhsd.net/kshakeri/chemistry_pages/Handouts/Spring_2009/Unit_8_Solutions/HW 22 key.pdf]
[teachers.sduhsd.net/kshakeri/chemistry_pages/Powerpoints/Fall_2008/Chapter_3/Atomic_Theory_atom_history_and_structure.ppt]
[teachers.sduhsd.net/kshakeri/chemistry_pages/Handouts/Spring_2009/Unit_8_Solutions/Molarity_Lab_2009_PartII_2010_MC.pdf]
[teachers.sduhsd.net/kshakeri/AP_Chemistry_Pages/Handouts/Chapter_4_Chemical_Reaction/solubility_rules.pdf]
[teachers.sduhsd.net/kshakeri/chemistry_pages/Handouts/Spring_2009/Unit_8_Solutions/HW 23 Key.pdf]
[teachers.sduhsd.net/kshakeri/chemistry_pages/Powerpoints/Fall_2008/chapter_4/electrons_in_atoms.ppt]
[teachers.sduhsd.net/kshakeri/chemistry_pages/Handouts/Spring_2009/Unit_8_Solutions/Solutions_Worksheet_test_6_review.doc]
[teachers.sduhsd.net/kshakeri/chemistry_pages/Handouts/Spring_2009/Unit_8_Solutions/Solutions_review_key/page1.jpg]
[teachers.sduhsd.net/kshakeri/chemistry_pages/Handouts/Spring_2009/Unit_8_Solutions/Solutions_review_key/page2.jpg]
[teachers.sduhsd.net/kshakeri/chemistry_pages/Handouts/Spring_2009/Unit_8_Solutions/Solutions_review_key/page3.jpg]
[teachers.sduhsd.net/kshakeri/chemistry_pages/Handouts/Spring_2009/Unit_8_Solutions/Chapter 12 and 13 Objectives.pdf]
[teachers.sduhsd.net/kshakeri/chemistry_pages/Handouts/Spring_2009/Unit_8_Solutions/Homework Packet For Test_F10.doc]
[teachers.sduhsd.net/kshakeri/chemistry_pages/Handouts/Spring_2009/Unit_7_Gases/page_353_13-17_23-25, 34,35.pdf]
[teachers.sduhsd.net/kshakeri/chemistry_pages/Handouts/Spring_2009/Unit_7_Gases/labdryice.pdf]
[teachers.sduhsd.net/kshakeri/chemistry_pages/Handouts/Spring_2009/Unit_7_Gases/Unit_6_Objectives.pdf]
[teachers.sduhsd.net/kshakeri/chemistry_pages/Handouts/Spring_2009/Unit_5_chemical_reactions/Limiting Reagent and Percent Yield Problems.doc]
[teachers.sduhsd.net/kshakeri/chemistry_pages/Handouts/Spring_2009/Unit_5_chemical_reactions/Limiting_Reagent_and_Percent_Yield_Problems_key.doc]
[teachers.sduhsd.net/kshakeri/chemistry_pages/Handouts/Spring_2009/Unit_5_chemical_reactions/Limiting Reagent Lab.doc]
[teachers.sduhsd.net/kshakeri/chemistry_pages/Handouts/Spring_2009/Unit_5_chemical_reactions/Unit 4 review.doc]
[teachers.sduhsd.net/kshakeri/chemistry_pages/Handouts/Spring_2009/Unit_5_chemical_reactions/Stoichiometry_problems.doc]
[teachers.sduhsd.net/kshakeri/chemistry_pages/Handouts/Spring_2009/Unit_5_chemical_reactions/Stoichiometry Worksheet key.doc]
[teachers.sduhsd.net/kshakeri/chemistry_pages/Powerpoints/Fall_2008/Chapter_5/periodic_trends.ppt]
[teachers.sduhsd.net/kshakeri/chemistry_pages/Handouts/Spring_2009/Unit_5_chemical_reactions/Stoichmap_f10.pdf]
[teachers.sduhsd.net/kshakeri/chemistry_pages/Powerpoints/Fall_2008/chapter_9/stoichiometry.ppt]
[teachers.sduhsd.net/kshakeri/chemistry_pages/Powerpoints/Fall_2008/Chapter_6/Bonding_Section_6_1.ppt]
[teachers.sduhsd.net/kshakeri/chemistry_pages/Handouts/Spring_2009/Unit_4_Moles/UNIT_5_ objectives.pdf]
[teachers.sduhsd.net/kshakeri/chemistry_pages/Powerpoints/Fall_2008/Chapter_7/Naming_compounds.ppt]
[teachers.sduhsd.net/kshakeri/chemistry_pages/Handouts/Spring_2009/Unit_5_chemical_reactions/UNIT 4 HW Packet.pdf]
[teachers.sduhsd.net/kshakeri/chemistry_pages/Powerpoints/Fall_2008/Chapter_3/Atom_structure,_moles.ppt]
[teachers.sduhsd.net/kshakeri/chemistry_pages/Handouts/Spring_2009/Midterms_and_final/MIDTERM REVIEW fall_2011_no_stoich.pdf]
[teachers.sduhsd.net/kshakeri/chemistry_pages/Handouts/Spring_2009/Midterms_and_final/1st semester study guide_key.pdf]
[teachers.sduhsd.net/kshakeri/chemistry_pages/Powerpoints/Fall_2008/Chapter­­_8/chemical equations_update.ppt]
[teachers.sduhsd.net/kshakeri/chemistry_pages/Handouts/Spring_2009/Unit_2/UNIT 2 OBJECTIVES_f11.pdf]
[teachers.sduhsd.net/kshakeri/chemistry_pages/Powerpoints/Spring_2009/Nuclear_Chemistry_Rachel.ppt]
[teachers.sduhsd.net/kshakeri/chemistry_pages/Handouts/Spring_2009/Unit_2/UNIT 2 OBJECTIVES_f14.pdf]
[teachers.sduhsd.net/kshakeri/chemistry_pages/Handouts/Spring_2009/Unit_3_bonding/UNIT_4_objectives_BONDING.pdf]
[teachers.sduhsd.net/kshakeri/chemistry_pages/Handouts/Spring_2009/Unit_4_Moles/Formula_of_MgO_Laboratory.doc]
[teachers.sduhsd.net/kshakeri/chemistry_pages/Handouts/Spring_2009/Unit_4_Moles/Percent_Comp_emprical_formulas.pdf]
[teachers.sduhsd.net/kshakeri/chemistry_pages/Handouts/Spring_2009/Unit_4_Moles/Percent_Comp_emprical_formulas_key.doc]
[teachers.sduhsd.net/kshakeri/chemistry_pages/Handouts/Spring_2009/Unit_5_chemical_reactions/Chemical_Reactions_and_Predicting_Products_Worksheet.doc]
[teachers.sduhsd.net/kshakeri/chemistry_pages/Handouts/Spring_2009/Unit_4_Moles/moles_masteryassignment.pdf]
[teachers.sduhsd.net/kshakeri/chemistry_pages/Handouts/Spring_2009/Unit_5_chemical_reactions/chemical_reactions_WS_key.pdf]
[teachers.sduhsd.net/kshakeri/chemistry_pages/Handouts/Spring_2009/Unit_5_chemical_reactions/HW_12_page_292_HW_key.txt]
[teachers.sduhsd.net/kshakeri/chemistry_pages/Handouts/Spring_2009/Unit_3_bonding/writing_formulas_page_1_key.pdf]
[teachers.sduhsd.net/kshakeri/chemistry_pages/Handouts/Spring_2009/Unit_3_bonding/writing_formulas_page_2_key.pdf]
[teachers.sduhsd.net/kshakeri/chemistry_pages/Handouts/Spring_2009/Unit_3_bonding/ionlab001.pdf]
[teachers.sduhsd.net/kshakeri/chemistry_pages/Handouts/Spring_2009/Unit_3_bonding/Test_4_review_chapter_6_and_7_spring_09_no_moles_f10.pdf]
[teachers.sduhsd.net/kshakeri/chemistry_pages/Handouts/Spring_2009/Unit_3_bonding/test _review_4_key_chapters_6_7.pdf]
[teachers.sduhsd.net/kshakeri/chemistry_pages/Handouts/Spring_2009/Unit_3_bonding/Homework Packet Unit 3.doc]
[teachers.sduhsd.net/kshakeri/chemistry_pages/Handouts/Spring_2009/Unit_4_Moles/The_Mega_Mole_Worksheet.doc]
[teachers.sduhsd.net/kshakeri/chemistry_pages/Handouts/Spring_2009/Unit_4_Moles/molemap.pdf]
[teachers.sduhsd.net/kshakeri/chemistry_pages/Handouts/Spring_2009/Unit_4_Moles/The_Mega_Mole_Worksheet_key.doc]
[teachers.sduhsd.net/kshakeri/chemistry_pages/Handouts/Spring_2009/Unit_3_bonding/geometry_sheet.pdf]
[teachers.sduhsd.net/kshakeri/chemistry_pages/Handouts/Spring_2009/Unit_3_bonding/Molecular_Geometry_Activity_Chart.pdf]
[teachers.sduhsd.net/kshakeri/chemistry_pages/Handouts/Spring_2009/Unit_3_bonding/lewis_structure_key.pdf]
[teachers.sduhsd.net/kshakeri/chemistry_pages/Handouts/Spring_2009/Unit_3_bonding/Ions_Ionic_bonding_key.pdf]
[teachers.sduhsd.net/kshakeri/chemistry_pages/Handouts/Spring_2009/Unit_3_bonding/HW 10 key chapter 6.pdf]
[teachers.sduhsd.net/kshakeri/chemistry_pages/Handouts/Spring_2009/Unit_3_bonding/hw_11_key.pdf]
[teachers.sduhsd.net/kshakeri/chemistry_pages/Handouts/Spring_2009/Unit_3_bonding/Writing Compound Formulas Worksheet.pdf]
[teachers.sduhsd.net/kshakeri/chemistry_pages/Handouts/Spring_2009/Unit_3_bonding/Ion_charts_and_naming.pdf]
[teachers.sduhsd.net/kshakeri/chemistry_pages/Handouts/Spring_2009/Unit_2/HW_7.pdf]
[teachers.sduhsd.net/kshakeri/chemistry_pages/Handouts/Spring_2009/Unit_2/PES_Reading.pdf]
[teachers.sduhsd.net/kshakeri/chemistry_pages/Handouts/Spring_2009/Unit_2/PES worksheet (1).pdf]
[teachers.sduhsd.net/kshakeri/chemistry_pages/Handouts/Spring_2009/Unit_2/Unit_3_Mastery_Chapter_4_5.pdf]
[teachers.sduhsd.net/kshakeri/chemistry_pages/Handouts/Spring_2009/Unit_2/PES Graphs Excel (version 1).xls]
[teachers.sduhsd.net/kshakeri/chemistry_pages/Handouts/Spring_2009/Unit_2/HW8 Key page167.pdf]
[teachers.sduhsd.net/kshakeri/chemistry_pages/Handouts/Spring_2009/Unit_2/Test_3_review_F11.pdf]
[teachers.sduhsd.net/kshakeri/chemistry_pages/Handouts/Spring_2009/Unit_2/Test_Review_Key.pdf]
[teachers.sduhsd.net/kshakeri/chemistry_pages/Handouts/Spring_2009/Unit_2/UNIT 2 Packet_f14.pdf]
[teachers.sduhsd.net/kshakeri/chemistry_pages/Handouts/Spring_2009/Unit_3_bonding/hw9_Key.pdf]
[teachers.sduhsd.net/kshakeri/chemistry_pages/Handouts/Spring_2009/Unit_3_bonding/lewis_structure_WS.pdf]
[teachers.sduhsd.net/kshakeri/chemistry_pages/Handouts/Spring_2009/Unit_3_bonding/Ions_and_Ionic_Compounds_Wkst.pdf]
[teachers.sduhsd.net/kshakeri/chemistry_pages/Handouts/Spring_2009/Unit_2/HW 5 Key wavelength and frequency.jpg]
[teachers.sduhsd.net/kshakeri/chemistry_pages/Handouts/Spring_2009/Unit_2/Excited Gas Activity2.pdf]
[teachers.sduhsd.net/kshakeri/chemistry_pages/Handouts/Spring_2009/Unit_2/HW_6.pdf]
[teachers.sduhsd.net/kshakeri/chemistry_pages/Powerpoints/Fall_2008/chapter_10/TEN_POWER_POINTa.ppt]
[teachers.sduhsd.net/kshakeri/chemistry_pages/Handouts/Spring_2009/Unit_2/configuration.pdf]
[teachers.sduhsd.net/kshakeri/chemistry_pages/Powerpoints/Fall_2008/Chapter_11/gas_laws.ppt]
[teachers.sduhsd.net/kshakeri/chemistry_pages/Handouts/Spring_2009/Unit_6_Nuclear_Chemistry/nuclear chem WS key page 1.pdf]
[teachers.sduhsd.net/kshakeri/chemistry_pages/Powerpoints/Fall_2008/Chapter_12/Solutions.ppt]
[teachers.sduhsd.net/kshakeri/chemistry_pages/Handouts/Spring_2009/Unit_6_Nuclear_Chemistry/nuclear chem WS key page 2.pdf]
[teachers.sduhsd.net/kshakeri/chemistry_pages/Powerpoints/Fall_2008/chapter_13/net_ionic_equations_f09.ppt]
[teachers.sduhsd.net/kshakeri/chemistry_pages/Handouts/Spring_2009/Unit_6_Nuclear_Chemistry/nuclear chem WS key page 3.pdf]
[teachers.sduhsd.net/kshakeri/chemistry_pages/Powerpoints/Fall_2008/Chapter_14/Acid_Base.ppt]
[teachers.sduhsd.net/kshakeri/chemistry_pages/Handouts/Spring_2009/Unit_2/Test_2_review_F11.pdf]
[teachers.sduhsd.net/kshakeri/chemistry_pages/Powerpoints/Fall_2008/chapter_15/chap15_pH.ppt]
[teachers.sduhsd.net/kshakeri/chemistry_pages/Handouts/Spring_2009/Unit_1/Unit 1 Mastery.pdf]
[teachers.sduhsd.net/kshakeri/chemistry_pages/Powerpoints/Fall_2008/chapter_16/thermochem.ppt]
[teachers.sduhsd.net/kshakeri/chemistry_pages/Handouts/Spring_2009/Unit_2/Homework Packet.pdf]
[teachers.sduhsd.net/kshakeri/chemistry_pages/Handouts/Spring_2009/Unit_1/conversions_key.pdf]
[teachers.sduhsd.net/kshakeri/chemistry_pages/Powerpoints/Fall_2008/chapter_17/kinetics.ppt]
[teachers.sduhsd.net/kshakeri/chemistry_pages/Handouts/Spring_2009/Unit_2/PhET_BuildanAtom_2012.pdf]
[teachers.sduhsd.net/kshakeri/chemistry_pages/Powerpoints/Fall_2008/Chapter_18/equilibrium.ppt]
[teachers.sduhsd.net/kshakeri/chemistry_pages/Powerpoints/Fall_2009/powerpoint.html]
[teachers.sduhsd.net/kshakeri/chemistry_pages/cool_links/cool_links.html]
[teachers.sduhsd.net/kshakeri/AP_Chemistry_Pages/Handouts/Characteristic_Colors.doc]
[teachers.sduhsd.net/kshakeri/AP_Chemistry_Pages/Handouts/Practice_test_2011.pdf]
[teachers.sduhsd.net/kshakeri/AP_Chemistry_Pages/Handouts/AP Chemistry Project 2010.doc]
[teachers.sduhsd.net/kshakeri/AP_Chemistry_Pages/Handouts/post_exam_presentations/Gecko Adhesives_Michelle&Alisa.ppt]
[teachers.sduhsd.net/kshakeri/AP_Chemistry_Pages/Handouts/Lab/Qualitative_Analysis_Experiment_Flinn.pdf]
[teachers.sduhsd.net/kshakeri/AP_Chemistry_Pages/Handouts/field trip/Field Trip Permission.pdf]
[teachers.sduhsd.net/kshakeri/AP_Chemistry_Pages/Handouts/field trip/Visitor Confidential Agreement.pdf]
[teachers.sduhsd.net/kshakeri/AP_Chemistry_Pages/Handouts/field trip/Parental Consent of Visitor Agreement.doc]
[teachers.sduhsd.net/kshakeri/AP_Chemistry_Pages/Handouts/field trip/Use of Private Auto for School Activity.pdf]
[teachers.sduhsd.net/kshakeri/AP_Chemistry_Pages/Handouts/AP Demo Proposal.doc]
[teachers.sduhsd.net/kshakeri/AP_Chemistry_Pages/Handouts/chemistry-released-exam-2012.pdf]
[teachers.sduhsd.net/kshakeri/AP_Chemistry_Pages/Handouts/Chapter_7_Quantum_Theory/chapter7solutions.pdf]
[teachers.sduhsd.net/kshakeri/AP_Chemistry_Pages/Handouts/Chapter_8_Electron_Config_periodicity/chapter8solutions.pdf]
[teachers.sduhsd.net/kshakeri/AP_Chemistry_Pages/Handouts/Chapter_9/chapter9solutions.pdf]
[teachers.sduhsd.net/kshakeri/AP_Chemistry_Pages/Handouts/Chapter_10/chapter10solutions.pdf]
[teachers.sduhsd.net/kshakeri/AP_Chemistry_Pages/Handouts/PES Graphs Excel.xls]
[teachers.sduhsd.net/kshakeri/AP_Chemistry_Pages/Handouts/PES WS.pdf]
[teachers.sduhsd.net/kshakeri/AP_Chemistry_Pages/Handouts/Solids_IMFs_2014.doc]
[teachers.sduhsd.net/kshakeri/AP_Chemistry_Pages/Handouts/Chapter_11/chapter11.pdf]
[teachers.sduhsd.net/kshakeri/AP_Chemistry_Pages/Handouts/Chapter_12/chapter12.pdf]
[teachers.sduhsd.net/kshakeri/AP_Chemistry_Pages/Handouts/Lab/Molar_Volume_of_Gas.pdf]
[teachers.sduhsd.net/kshakeri/AP_Chemistry_Pages/Handouts/2nd.MC.Practice.Key.doc]
[teachers.sduhsd.net/kshakeri/AP_Chemistry_Pages/Handouts/2008_exam/2008_MC.pdf]
[teachers.sduhsd.net/kshakeri/AP_Chemistry_Pages/Handouts/2008_exam/Answer Sheet.pdf]
[teachers.sduhsd.net/kshakeri/AP_Chemistry_Pages/Handouts/2008_exam/ap08_chemistry_frq.pdf]
[teachers.sduhsd.net/kshakeri/AP_Chemistry_Pages/Handouts/2008_exam/ap08_chemistry_sgs.pdf]
[teachers.sduhsd.net/kshakeri/AP_Chemistry_Pages/Handouts/2008_exam/score_sheet_08.pdf]
[teachers.sduhsd.net/kshakeri/AP_Chemistry_Pages/Handouts/chapter_20/Chapter 20  Help Sheet.doc]
[teachers.sduhsd.net/kshakeri/AP_Chemistry_Pages/Handouts/Chapter 14 Help Sheet[1].doc]
[teachers.sduhsd.net/kshakeri/AP_Chemistry_Pages/Handouts/09 - kinetics.pdf]
[teachers.sduhsd.net/kshakeri/AP_Chemistry_Pages/Handouts/Lab/Electrochem_inquiry.doc]
[teachers.sduhsd.net/kshakeri/AP_Chemistry_Pages/Handouts/Chapter_5_Gases/chapter5.pdf]
[teachers.sduhsd.net/kshakeri/AP_Chemistry_Pages/Handouts/Chapter_4_Chemical_Reaction/chapter4.pdf]
[teachers.sduhsd.net/kshakeri/AP_Chemistry_Pages/Handouts/chapter_20/chapter20.pdf]
[teachers.sduhsd.net/kshakeri/AP_Chemistry_Pages/Handouts/Chapter_14/chapter14.pdf]
[teachers.sduhsd.net/kshakeri/AP_Chemistry_Pages/Handouts/Lab/Kinetics Lab.pdf]
[teachers.sduhsd.net/kshakeri/AP_Chemistry_Pages/Handouts/Solubility Mastery_2014.doc]
[teachers.sduhsd.net/kshakeri/AP_Chemistry_Pages/Handouts/Lab/hess's law_14.pdf]
[teachers.sduhsd.net/kshakeri/AP_Chemistry_Pages/Handouts/chapter_18/chapter18.pdf]
[teachers.sduhsd.net/kshakeri/AP_Chemistry_Pages/Handouts/Lab/Ksp Lab.pdf]
[teachers.sduhsd.net/kshakeri/AP_Chemistry_Pages/Handouts/Chapter_6_Thermochemistry/chapter6.pdf]
[teachers.sduhsd.net/kshakeri/AP_Chemistry_Pages/Handouts/Chapter_19_Thermodynamics/chapter19.pdf]
[teachers.sduhsd.net/kshakeri/AP_Chemistry_Pages/Handouts/chap_16.93.pdf]
[teachers.sduhsd.net/kshakeri/AP_Chemistry_Pages/Handouts/Lab/Titration Lab addendum.doc]
[teachers.sduhsd.net/kshakeri/AP_Chemistry_Pages/Handouts/chapter_17/chapter17.pdf]
[teachers.sduhsd.net/kshakeri/AP_Chemistry_Pages/Handouts/chapter_15/chapter15.pdf]
[teachers.sduhsd.net/kshakeri/AP_Chemistry_Pages/Handouts/cheat sheet.pdf]
[teachers.sduhsd.net/kshakeri/AP_Chemistry_Pages/Handouts/Lab/Equilibrium_Lab_s11.pdf]
[teachers.sduhsd.net/kshakeri/AP_Chemistry_Pages/Handouts/Lab/Equilibrium Lab Material Pick Up List.doc]
[teachers.sduhsd.net/kshakeri/AP_Chemistry_Pages/Handouts/chapter_16/chapter16.pdf]
[teachers.sduhsd.net/kshakeri/chemistry_pages/Handouts/Spring_2009/Binder_handouts/Safety_Contract.pdf]
[teachers.sduhsd.net/kshakeri/AP_Chemistry_Pages/Handouts/Student_Information_Sheet.doc]
[teachers.sduhsd.net/kshakeri/AP_Chemistry_Pages/Handouts/Organic Help Sheet.doc]
[teachers.sduhsd.net/kshakeri/AP_Chemistry_Pages/Handouts/Chapter_1_Chemistry_and Measurement/chapter1.pdf]
[teachers.sduhsd.net/kshakeri/AP_Chemistry_Pages/Handouts/Chapter_2_Atoms_molescules_ions/chapter2.pdf]
[teachers.sduhsd.net/kshakeri/AP_Chemistry_Pages/Handouts/chapter_3_calculations/chapter3.pdf]
[teachers.sduhsd.net/kshakeri/AP_Chemistry_Pages/Handouts/Ion Sheet.pdf]
[teachers.sduhsd.net/kshakeri/AP_Chemistry_Pages/Homework_page/homework_11/chem_homework_15.html]
[teachers.sduhsd.net/kshakeri/AP_Chemistry_Pages/Powerpoints/chapter_1.ppt]
[teachers.sduhsd.net/kshakeri/AP_Chemistry_Pages/Powerpoints/chapter_2.ppt]
[teachers.sduhsd.net/kshakeri/AP_Chemistry_Pages/Powerpoints/chapter_3.ppt]
[teachers.sduhsd.net/kshakeri/AP_Chemistry_Pages/Powerpoints/UNIT1_APchem.ppt]
[teachers.sduhsd.net/kshakeri/AP_Chemistry_Pages/Powerpoints/quantum_theory.ppt]
[teachers.sduhsd.net/kshakeri/AP_Chemistry_Pages/Powerpoints/chapter_8.ppt]
[teachers.sduhsd.net/kshakeri/AP_Chemistry_Pages/Powerpoints/chemical_reactions.ppt]
[teachers.sduhsd.net/kshakeri/AP_Chemistry_Pages/Powerpoints/lo_ppt05.ppt]
[teachers.sduhsd.net/kshakeri/AP_Chemistry_Pages/Powerpoints/chapter_6_thermochemistry.ppt]
[teachers.sduhsd.net/kshakeri/AP_Chemistry_Pages/Powerpoints/chapter_9_ions_bonding.ppt]
[teachers.sduhsd.net/kshakeri/AP_Chemistry_Pages/Powerpoints/Chapter_10_GEOMETRY_hybridization.ppt]
[teachers.sduhsd.net/kshakeri/AP_Chemistry_Pages/Powerpoints/chapter_11_states_of_matter.ppt]
[teachers.sduhsd.net/kshakeri/AP_Chemistry_Pages/Powerpoints/chapter_12.ppt]
[teachers.sduhsd.net/kshakeri/AP_Chemistry_Pages/Powerpoints/chapter_14b.ppt]
[teachers.sduhsd.net/kshakeri/AP_Chemistry_Pages/Powerpoints/kinetics.pdf]
[teachers.sduhsd.net/kshakeri/AP_Chemistry_Pages/Powerpoints/chapter_15.ppt]
[teachers.sduhsd.net/kshakeri/AP_Chemistry_Pages/Powerpoints/chapter_16.ppt]
[teachers.sduhsd.net/kshakeri/AP_Chemistry_Pages/Powerpoints/chapter_17a.ppt]
[teachers.sduhsd.net/kshakeri/AP_Chemistry_Pages/Powerpoints/chapter_18.ppt]
[teachers.sduhsd.net/kshakeri/AP_Chemistry_Pages/Powerpoints/chapter_19.ppt]
[teachers.sduhsd.net/kshakeri/AP_Chemistry_Pages/Powerpoints/chapter_20.ppt]
[teachers.sduhsd.net/kshakeri/AP_Chemistry_Pages/Powerpoints/lo_ppt21.ppt]
[teachers.sduhsd.net/kshakeri/AP_Chemistry_Pages/Powerpoints/chapter_24.ppt]
[teachers.sduhsd.net/kshakeri/AP_Chemistry_Pages/Powerpoints/powerpoint.html]
[teachers.sduhsd.net/kshakeri/AP_Chemistry_Pages/Handouts/post_exam_presentations/wavesssssssssgodssss-11.ppt]
[teachers.sduhsd.net/kshakeri/AP_Chemistry_Pages/Handouts/post_exam_presentations/Cold Fusion logan kevin.ppt]
[teachers.sduhsd.net/kshakeri/AP_Chemistry_Pages/Handouts/post_exam_presentations/chem lead poisoning ppt.ppt]
[teachers.sduhsd.net/kshakeri/AP_Chemistry_Pages/Handouts/post_exam_presentations/Jason's and Skyler's Tardigrades[1].ppt]
[teachers.sduhsd.net/kshakeri/AP_Chemistry_Pages/Handouts/post_exam_presentations/Carbon Nanotubes ap chem final project.ppt]
[teachers.sduhsd.net/kshakeri/AP_Chemistry_Pages/Handouts/AP Free Response Questions/ACIDBASE.doc]
[teachers.sduhsd.net/kshakeri/AP_Chemistry_Pages/Handouts/AP Free Response Questions/ATOMTHRY.doc]
[teachers.sduhsd.net/kshakeri/AP_Chemistry_Pages/Handouts/AP Free Response Questions/BONDING.doc]
[teachers.sduhsd.net/kshakeri/AP_Chemistry_Pages/Handouts/AP Free Response Questions/ELECTROC.doc]
[teachers.sduhsd.net/kshakeri/AP_Chemistry_Pages/Handouts/AP Free Response Questions/EQUILBRM.doc]
[teachers.sduhsd.net/kshakeri/AP_Chemistry_Pages/Handouts/AP Free Response Questions/GASES.doc]
[teachers.sduhsd.net/kshakeri/AP_Chemistry_Pages/Handouts/AP Free Response Questions/KINETICS.doc]
[teachers.sduhsd.net/kshakeri/AP_Chemistry_Pages/Handouts/AP Free Response Questions/NUCLEAR.doc]
[teachers.sduhsd.net/kshakeri/AP_Chemistry_Pages/Handouts/AP Free Response Questions/ORGANIC.doc]
[teachers.sduhsd.net/kshakeri/AP_Chemistry_Pages/Handouts/AP Free Response Questions/PERIODIC.doc]
[teachers.sduhsd.net/kshakeri/AP_Chemistry_Pages/Handouts/AP Free Response Questions/REDOX.doc]
[teachers.sduhsd.net/kshakeri/AP_Chemistry_Pages/Handouts/AP Free Response Questions/SOLIQSOL.doc]
[teachers.sduhsd.net/kshakeri/AP_Chemistry_Pages/Handouts/AP Free Response Questions/STOICHIO.doc]
[teachers.sduhsd.net/kshakeri/AP_Chemistry_Pages/Handouts/AP Free Response Questions/THERMDYN.doc]
[teachers.sduhsd.net/kshakeri/AP_Chemistry_Pages/Handouts/AP Free Response Questions/LABPROCD.doc]
[teachers.sduhsd.net/kshakeri/AP_Chemistry_Pages/Handouts/AP_MC_Questions/84MULTCH.pdf]
[teachers.sduhsd.net/kshakeri/AP_Chemistry_Pages/Handouts/AP_MC_Questions/89MULTCH.pdf]
[teachers.sduhsd.net/kshakeri/AP_Chemistry_Pages/Handouts/AP_MC_Questions/94MULTCH.pdf]
[teachers.sduhsd.net/kshakeri/AP_Chemistry_Pages/Handouts/1999 and 2002 AP/2002_MCa.pdf]
[teachers.sduhsd.net/kshakeri/AP_Chemistry_Pages/Handouts/1999 and 2002 AP/2002_MC_answers.pdf]
[teachers.sduhsd.net/kshakeri/AP_Chemistry_Pages/Handouts/1999 and 2002 AP/chemistry_frq_02.pdf]
[teachers.sduhsd.net/kshakeri/AP_Chemistry_Pages/Handouts/1999 and 2002 AP/sg_chemistry_02.pdf]
[teachers.sduhsd.net/kshakeri/AP_Chemistry_Pages/Handouts/1999 and 2002 AP/2002_AP_score_sheet.pdf]
[teachers.sduhsd.net/kshakeri/AP_Chemistry_Pages/Handouts/Tests/Test 3 chapter 6, 9, 10 and 19.doc]
[teachers.sduhsd.net/kshakeri/AP_Chemistry_Pages/Handouts/Tests/Test 3 chapter 6, 9, 10 and 19 key.doc]
[teachers.sduhsd.net/kshakeri/AP_Chemistry_Pages/Handouts/Tests/Unit 2 test A 2010.pdf]
[teachers.sduhsd.net/kshakeri/AP_Chemistry_Pages/Handouts/Tests/Chapter 4, 5, 7, 8 test.doc]
[teachers.sduhsd.net/kshakeri/AP_Chemistry_Pages/Handouts/Tests/Chapter 4, 5, 7, 8 test KEY.doc]
[teachers.sduhsd.net/kshakeri/chemistry_pages/Handouts/Spring_2009/Unit_3_bonding/molecular_geometry_WS.pdf]
[teachers.sduhsd.net/kshakeri/AP_Chemistry_Pages/Handouts/AP_Review/AP questions orbitals bonding chapter 9 and 10.ppt]
[teachers.sduhsd.net/kshakeri/AP_Chemistry_Pages/Handouts/Chapter_10/Chapter 8 & 9 Help Sheet.doc]
[teachers.sduhsd.net/kshakeri/AP_Chemistry_Pages/Handouts/Chapter_7_Quantum_Theory/Chapter 6 & 7 Help Sheet.doc]
[teachers.sduhsd.net/kshakeri/AP_Chemistry_Pages/Handouts/Chapter_7_Quantum_Theory/Chapter 7 and 8 multiple choice Review no answers.doc]
[teachers.sduhsd.net/kshakeri/AP_Chemistry_Pages/Handouts/Chapter_7_Quantum_Theory/AP Chapter 7, 8 review.ppt]
[teachers.sduhsd.net/kshakeri/AP_Chemistry_Pages/Handouts/Chapter_7_Quantum_Theory/Chapter 6 Test.doc]
[teachers.sduhsd.net/kshakeri/AP_Chemistry_Pages/Handouts/Chapter_7_Quantum_Theory/Chapter 7 Test.doc]
[teachers.sduhsd.net/kshakeri/AP_Chemistry_Pages/Handouts/AP_Review/Chapter 11 and 12 AP questions.ppt]
[teachers.sduhsd.net/kshakeri/AP_Chemistry_Pages/Handouts/Chapter_12/Chapter 11 & 13 Help Sheet.doc]
[teachers.sduhsd.net/kshakeri/AP_Chemistry_Pages/Handouts/chapter_21/chap21notes.pdf]
[teachers.sduhsd.net/kshakeri/AP_Chemistry_Pages/Handouts/chapter_21/NUCLEAR no answers.doc]
[teachers.sduhsd.net/kshakeri/AP_Chemistry_Pages/Handouts/Chapter_5_Gases/Chapter 10 Help Sheet.doc]
[teachers.sduhsd.net/kshakeri/AP_Chemistry_Pages/Handouts/Chapter_5_Gases/Gas Laws Take-Home Test.doc]
[teachers.sduhsd.net/kshakeri/AP_Chemistry_Pages/Handouts/Chapter_5_Gases/1990 B Answer.pdf]
[teachers.sduhsd.net/kshakeri/AP_Chemistry_Pages/Handouts/Lab/MolarMassButane.pdf]
[teachers.sduhsd.net/kshakeri/AP_Chemistry_Pages/Handouts/electrochemistry AP MC.doc]
[teachers.sduhsd.net/kshakeri/AP_Chemistry_Pages/Handouts/chapter_20/electrochemistry AP MC.doc]
[teachers.sduhsd.net/kshakeri/AP_Chemistry_Pages/Handouts/AP_Review/Chapter 14 and 15 Review.ppt]
[teachers.sduhsd.net/kshakeri/AP_Chemistry_Pages/Handouts/AP_Review/Chapter 6 and 19 AP Questions.ppt]
[teachers.sduhsd.net/kshakeri/AP_Chemistry_Pages/Handouts/Chapter 19 Help Sheet.doc]
[teachers.sduhsd.net/kshakeri/AP_Chemistry_Pages/Handouts/Chapter 5 Help Sheet.doc]
[teachers.sduhsd.net/kshakeri/chemistry_pages/Handouts/Spring_2009/Unit_9_acid_Base/calculation square.doc]
[teachers.sduhsd.net/kshakeri/AP_Chemistry_Pages/Handouts/NamingFlowChart.pdf]
[teachers.sduhsd.net/kshakeri/AP_Chemistry_Pages/Handouts/AP_Review/CHAPTER 16 AND 17 REVIEW.ppt]
[teachers.sduhsd.net/kshakeri/AP_Chemistry_Pages/AP_Chemistry_Syllabus_s11.doc]
[teachers.sduhsd.net/kshakeri/AP_Chemistry_Pages/Handouts/prefix_table.doc]
[teachers.sduhsd.net/kshakeri/AP_Chemistry_Pages/Handouts/Chapter_4_Chemical_Reaction/A Classification of AP Chemistry Reactions.doc]
[teachers.sduhsd.net/kshakeri/AP_Chemistry_Pages/Handouts/Lab/Formula_Hydrate_Procedure[1].pdf]
[teachers.sduhsd.net/kshakeri/AP_Chemistry_Pages/Handouts/Lab/Formula_Hydrate_Wkst.pdf]
[teachers.sduhsd.net/kshakeri/AP_Chemistry_Pages/Handouts/Tests/Unit 1 test chapters 1-3.doc]
[teachers.sduhsd.net/kshakeri/AP_Chemistry_Pages/Handouts/Tests/AP CHEM TEST 1 Key.doc]
[teachers.sduhsd.net/kshakeri/AP_Chemistry_Pages/Handouts/2012/handouts_13.html]
[teachers.sduhsd.net/kshakeri/AP_Chemistry_Pages/Links/links.html]
[teachers.sduhsd.net/kshakeri/physics/button16.html]
[teachers.sduhsd.net/kshakeri/physics/button17.html]
[teachers.sduhsd.net/kshakeri/physics/buttonC.html]
[teachers.sduhsd.net/kshakeri/physics/buttonD.html]
[teachers.sduhsd.net/kshakeri/physics/buttonF.html]
[teachers.sduhsd.net/kshakeri/physics/button10.html]
[teachers.sduhsd.net/kshakeri/physics/button7.html]
[teachers.sduhsd.net/kshakeri/physics/button8.html]
[teachers.sduhsd.net/kshakeri/physics/Notes/Unit_11_optics/PHYSICS PACKET MAGNETISM.doc]
[teachers.sduhsd.net/kshakeri/physics/Physics Final Review S13.pdf]
[teachers.sduhsd.net/kshakeri/physics/Physics Final Review KEY S13.pdf]
[teachers.sduhsd.net/kshakeri/physics/Physics Midterm Review F11 KEY.pdf]
[teachers.sduhsd.net/kshakeri/physics/Homework/ollist-bg.gif]
[teachers.sduhsd.net/kshakeri/physics/Notes/Unit_11_optics/Light Notes F10.ppt]
[teachers.sduhsd.net/kshakeri/physics/Notes/Unit_11_optics/Mirror and Lense Notes F10.pptx]
[teachers.sduhsd.net/kshakeri/physics/Notes/Unit_11_optics/Refraction and Snell's Law Notes F10.ppt]
[teachers.sduhsd.net/kshakeri/physics/Notes/Unit_11_optics/Ray Diagrams Notes F10.pptx]
[teachers.sduhsd.net/kshakeri/physics/Notes/Unit_11_optics/Optics Review Worksheet KEY.pdf]
[teachers.sduhsd.net/kshakeri/physics/Notes/Unit_10_waves/Wave Properties Notes F10.ppt]
[teachers.sduhsd.net/kshakeri/physics/Notes/Unit_10_waves/Wave Behavior Notes F10.pptx]
[teachers.sduhsd.net/kshakeri/physics/Notes/Unit_10_waves/Sound Notes F10.pptx]
[teachers.sduhsd.net/kshakeri/physics/Notes/Unit_9/Magnetism Notes F10.pptx]
[teachers.sduhsd.net/kshakeri/physics/Notes/Unit_9/Interactions between Electricity and Magnetism Notes S13.ppt]
[teachers.sduhsd.net/kshakeri/physics/Notes/Unit 8/Electric Circuits Notes F10.ppt]
[teachers.sduhsd.net/kshakeri/physics/Notes/Unit 8/Electricity HW Packet.pdf]
[teachers.sduhsd.net/kshakeri/physics/Notes/Unit 8/Electricity Review Worksheet KEY F10.pdf]
[teachers.sduhsd.net/kshakeri/physics/Notes/Unit 8/Electrostatics Notes F10.ppt]
[teachers.sduhsd.net/kshakeri/physics/Notes/Unit 8/Electric Current Notes F10.pptx]
[teachers.sduhsd.net/kshakeri/physics/Notes/Unit 7/Physics HW Packet for Thermo and Energy.pdf]
[teachers.sduhsd.net/kshakeri/physics/Notes/Unit 7/Heat Engine Problems KEY S13.doc]
[teachers.sduhsd.net/kshakeri/physics/Notes/Unit 7/Thermodynamics Review Worksheet F11 KEY.doc]
[teachers.sduhsd.net/kshakeri/physics/Notes/Unit 7/Thermo Concept Worksheet F11 key.pdf]
[teachers.sduhsd.net/kshakeri/physics/Notes/Unit 7/Thermodynamics Notes F10.ppt]
[teachers.sduhsd.net/kshakeri/physics/Notes/Unit 6/Potential and Kinetic Energy Notes F10.pptx]
[teachers.sduhsd.net/kshakeri/physics/Notes/Unit 6/Spring Force and Energy Notes S14.pptx]
[teachers.sduhsd.net/kshakeri/physics/Notes/Unit 6/Work and Power Notes F10.pptx]
[teachers.sduhsd.net/kshakeri/physics/Notes/Unit 6/Potential and Kinetic Energy Worksheet F10 KEY.pdf]
[teachers.sduhsd.net/kshakeri/physics/Notes/Unit 6/Elastic Energy Problems F11 key.pdf]
[teachers.sduhsd.net/kshakeri/physics/Notes/Unit 5/Circular Motion and Universal Gravity HW Packet.pdf]
[teachers.sduhsd.net/kshakeri/physics/Notes/Unit 4/Newton's 3rd Law Worksheet F10.doc]
[teachers.sduhsd.net/kshakeri/physics/Notes/Unit 3/Momentum and Collisions Worksheet F10 KEY.pdf]
[teachers.sduhsd.net/kshakeri/physics/Notes/Unit 3/Momentum_Packet.doc]
[teachers.sduhsd.net/kshakeri/physics/Notes/Unit 2/2D Kinematics Worksheet F13 KEY ANSWERS ONLY.pdf]
[teachers.sduhsd.net/kshakeri/physics/Notes/Unit 2/2D Kinematics Worksheet F10 KEY.pdf]
[teachers.sduhsd.net/kshakeri/physics/Notes/Unit 2/2D Kinematics_packet.pdf]
[teachers.sduhsd.net/kshakeri/physics/Notes/Unit 2/2D Kinematics Review Worksheet ANSWERS ONLY.pdf]
[teachers.sduhsd.net/kshakeri/physics/Notes/Unit 1/Unit 1 Packet.pdf]
[teachers.sduhsd.net/kshakeri/physics/Notes/Unit 1/1D Kinematics Review Worksheet F11 KEY.doc]
[teachers.sduhsd.net/kshakeri/physics/Notes/Unit 2/Vector Worksheet S11 KEY.doc]
[teachers.sduhsd.net/kshakeri/physics/Notes/Unit 1/Interpreting Motion Graphs Worksheet F10 KEY.pdf]
[teachers.sduhsd.net/kshakeri/physics/Notes/Unit 1/1D Kinematics Problems F10 KEY.pdf]
[teachers.sduhsd.net/kshakeri/physics/Notes/Unit 1/Graphing Worksheet F10.pdf]
[teachers.sduhsd.net/kshakeri/physics/Physics_Course_Syllabus_f2014.doc]
[teachers.sduhsd.net/kshakeri/physics/Notes/Unit 1/Measuring and Recording Data Notes F13.pptx]
[teachers.sduhsd.net/kshakeri/physics/Notes/Unit 1/Describing Motion with Words Notes F10.pptx]
[teachers.sduhsd.net/kshakeri/physics/Notes/Unit 1/Motion Graphs Notes & Problems F10.pdf]
[teachers.sduhsd.net/kshakeri/physics/Homework/physics_homework_f14.html]
[teachers.sduhsd.net/kshakeri/physics/Notes/Unit 1/Introduction to Graphing Motion F10.pptx]
[teachers.sduhsd.net/kshakeri/physics/Notes/Unit 1/Describing Motion with Equations Notes F10.pptx]
[teachers.sduhsd.net/kshakeri/physics/Notes/Unit 1/Free Fall Notes F10.pptx]
[teachers.sduhsd.net/kshakeri/physics/Notes/Unit 2/Vector Fundatmental Notes S11.pptx]
[teachers.sduhsd.net/kshakeri/physics/Notes/Unit 2/Projectile Motion Notes F10.pptx]
[teachers.sduhsd.net/kshakeri/physics/Notes/Unit 2/Projectile Calculations Notes S12.pptx]
[teachers.sduhsd.net/kshakeri/physics/Notes/Unit 3/Momentum Notes F10.pptx]
[teachers.sduhsd.net/kshakeri/physics/Notes/Unit 3/Momentum Conservation Notes S11.pptx]
[teachers.sduhsd.net/kshakeri/physics/Notes/Unit 3/Impulse Notes F10.pptx]
[teachers.sduhsd.net/kshakeri/physics/Notes/Unit 4/Newton's 1st Law Notes F10.ppt]
[teachers.sduhsd.net/kshakeri/physics/Notes/Unit 4/Forces and Freebody Diagram Notes F10.pptx]
[teachers.sduhsd.net/kshakeri/physics/Notes/Unit 4/Friction Notes F10.ppt]
[teachers.sduhsd.net/kshakeri/physics/Notes/Unit 4/Newton's 2nd Law Notes F10.ppt]
[teachers.sduhsd.net/kshakeri/physics/Notes/Unit 4/Newton's 3rd Law Notes F10.ppt]
[teachers.sduhsd.net/kshakeri/physics/Notes/Unit 4/Circular Motion Notes F10.pptx]
[teachers.sduhsd.net/kshakeri/physics/Notes/Unit 5/Universal Gravity Notes S13.pptx]
[teachers.sduhsd.net/kshakeri/physics/powerpoint_f14.html]
[teachers.sduhsd.net/kshakeri/Surf PE/Forms/nexpa.jpg]
[teachers.sduhsd.net/kshakeri/Surf PE/Forms/Release_Liability_14.pdf]
[teachers.sduhsd.net/kshakeri/Surf PE/Forms/field trip form.pdf]
[teachers.sduhsd.net/kshakeri/Surf PE/Forms/Use of Private Auto for School Activity.pdf]
[teachers.sduhsd.net/kshakeri/Surf PE/Forms/emergency_form_2014.pdf]
[teachers.sduhsd.net/kshakeri/Surf PE/Forms/1665.jpg]
[teachers.sduhsd.net/kshakeri/Surf PE/Forms/Forms.html]
[teachers.sduhsd.net/kshakeri/Surf PE/Nicaragua.html]
[teachers.sduhsd.net/kshakeri/AP_Chemistry_Pages/Handouts/Reactions and solubility rules.html]
