[backblue.gif]
[fade.gif]
[index.html]
[teachers.sduhsd.net/kshakeri/images/button5.jpg]
[teachers.sduhsd.net/kshakeri/images/button6.jpg]
[teachers.sduhsd.net/kshakeri/images/button8.jpg]
[teachers.sduhsd.net/kshakeri/images/button9.jpg]
[teachers.sduhsd.net/kshakeri/images/buttonE.jpg]
[teachers.sduhsd.net/kshakeri/images/buttonF.jpg]
[teachers.sduhsd.net/kshakeri/images/button12.jpg]
[teachers.sduhsd.net/kshakeri/images/button13.jpg]
[teachers.sduhsd.net/kshakeri/buttonC.jpg]
[teachers.sduhsd.net/kshakeri/buttonD.jpg]
[teachers.sduhsd.net/kshakeri/buttonF.jpg]
[teachers.sduhsd.net/kshakeri/button10.jpg]
[teachers.sduhsd.net/kshakeri/images/raven head.png]
[teachers.sduhsd.net/kshakeri/images/button4.jpg]
[teachers.sduhsd.net/kshakeri/images/tetrahedron.jpg]
[teachers.sduhsd.net/kshakeri/images/button7.jpg]
[teachers.sduhsd.net/kshakeri/images/microscope.gif]
[teachers.sduhsd.net/kshakeri/buttonE.jpg]
[teachers.sduhsd.net/kshakeri/physics.jpg]
[teachers.sduhsd.net/kshakeri/images/buttonD.jpg]
[teachers.sduhsd.net/kshakeri/images/lax.gif]
[teachers.sduhsd.net/kshakeri/buttonB.jpg]
[teachers.sduhsd.net/kshakeri/9.jpg]
[teachers.sduhsd.net/kshakeri/images/button11.jpg]
[teachers.sduhsd.net/kshakeri/images/raven-head.gif]
[teachers.sduhsd.net/kshakeri/index.html]
[teachers.sduhsd.net/kshakeri/chemistry_pages/button16.jpg]
[teachers.sduhsd.net/kshakeri/chemistry_pages/button17.jpg]
[teachers.sduhsd.net/kshakeri/chemistry_pages/buttonC.jpg]
[teachers.sduhsd.net/kshakeri/chemistry_pages/buttonD.jpg]
[teachers.sduhsd.net/kshakeri/chemistry_pages/buttonF.jpg]
[teachers.sduhsd.net/kshakeri/chemistry_pages/button10.jpg]
[teachers.sduhsd.net/kshakeri/chemistry_pages/button2.jpg]
[teachers.sduhsd.net/kshakeri/chemistry_pages/button3.jpg]
[teachers.sduhsd.net/kshakeri/chemistry_pages/button7.jpg]
[teachers.sduhsd.net/kshakeri/chemistry_pages/button8.jpg]
[teachers.sduhsd.net/kshakeri/chemistry_pages/Syllabus/Chemistry_Course_Syllabus.doc]
[teachers.sduhsd.net/kshakeri/chemistry_pages/button15.jpg]
[teachers.sduhsd.net/kshakeri/chemistry_pages/buttonB.jpg]
[teachers.sduhsd.net/kshakeri/chemistry_pages/buttonE.jpg]
[teachers.sduhsd.net/kshakeri/chemistry_pages/button9.jpg]
[teachers.sduhsd.net/kshakeri/chemistry_pages/chemistry.html]
[teachers.sduhsd.net/kshakeri/chemistry_pages/button1.jpg]
[teachers.sduhsd.net/kshakeri/AP_Chemistry_Pages/buttonA.jpg]
[teachers.sduhsd.net/kshakeri/AP_Chemistry_Pages/buttonB.jpg]
[teachers.sduhsd.net/kshakeri/chemistry_pages/button13.jpg]
[teachers.sduhsd.net/kshakeri/chemistry_pages/button14.jpg]
[teachers.sduhsd.net/kshakeri/AP_Chemistry_Pages/button5.jpg]
[teachers.sduhsd.net/kshakeri/AP_Chemistry_Pages/button6.jpg]
[teachers.sduhsd.net/kshakeri/AP_Chemistry_Pages/button10.jpg]
[teachers.sduhsd.net/kshakeri/AP_Chemistry_Pages/buttonA1.jpg]
[teachers.sduhsd.net/kshakeri/AP_Chemistry_Pages/AP_Chemistry_Syllabus_14.doc]
[teachers.sduhsd.net/kshakeri/AP_Chemistry_Pages/button9.jpg]
[teachers.sduhsd.net/kshakeri/AP_Chemistry_Pages/button8.jpg]
[teachers.sduhsd.net/kshakeri/chemistry_pages/button12.jpg]
[teachers.sduhsd.net/kshakeri/AP_Chemistry_Pages/button4.jpg]
[teachers.sduhsd.net/kshakeri/AP_Chemistry_Pages/AP_chem.html]
[teachers.sduhsd.net/kshakeri/physics/physics.html]
[teachers.sduhsd.net/kshakeri/Lacrosse/2012_Raven_Playbook_password.pdf]
[teachers.sduhsd.net/kshakeri/Lacrosse/lacrosse.html]
[teachers.sduhsd.net/kshakeri/Surf PE/_MG_3004.jpg]
[teachers.sduhsd.net/kshakeri/Surf PE/cover.jpg]
[teachers.sduhsd.net/kshakeri/Surf PE/Syllabus_s14_shakeri.pdf]
[teachers.sduhsd.net/kshakeri/Surf PE/view a fram.jpg]
[teachers.sduhsd.net/kshakeri/Surf PE/Copy of pascuales4.jpg]
[teachers.sduhsd.net/kshakeri/Surf PE/4.jpg]
[teachers.sduhsd.net/kshakeri/Surf PE/december 2009 140.jpg]
[teachers.sduhsd.net/kshakeri/Surf PE/raven_surf_index.html]
[teachers.sduhsd.net/kshakeri/9.jpg]
[teachers.sduhsd.net/kshakeri/chemistry_pages/Handouts/Spring_2009/Midterms_and_final/2nd_semester_study_guide_Fall_11_stoich_no_nuclear.doc]
[teachers.sduhsd.net/kshakeri/chemistry_pages/Handouts/Spring_2009/Midterms_and_final/2nd_Quarter_objectives_f10.pdf]
[teachers.sduhsd.net/kshakeri/chemistry_pages/Handouts/Spring_2009/Unit_10_Thermochemistry/thermochem quiz.doc]
[teachers.sduhsd.net/kshakeri/chemistry_pages/Handouts/Spring_2009/Unit_11_Kinetics/HW_30_key.pdf]
[teachers.sduhsd.net/kshakeri/chemistry_pages/Handouts/Spring_2009/Unit_12_Equilibrium/EQ Bean Lab.doc]
[teachers.sduhsd.net/kshakeri/chemistry_pages/Handouts/Spring_2009/Unit_12_Equilibrium/Eq Lab Data Cruncher.xls]
[teachers.sduhsd.net/kshakeri/chemistry_pages/Handouts/Spring_2009/Unit_10_Thermochemistry/thermochem_mastery.pdf]
[teachers.sduhsd.net/kshakeri/chemistry_pages/Handouts/Spring_2009/Unit_12_Equilibrium/Chemical_Equilibrium_Practice_Problems.doc]
[teachers.sduhsd.net/kshakeri/chemistry_pages/Handouts/Spring_2009/Unit_12_Equilibrium/LeChatelier Problems.doc]
[teachers.sduhsd.net/kshakeri/chemistry_pages/Handouts/Spring_2009/Midterms_and_final/2nd_semester_study_guide_F11_KEY.pdf]
[teachers.sduhsd.net/kshakeri/chemistry_pages/Handouts/Spring_2009/Unit_12_Equilibrium/lechatliers key.jpg]
[teachers.sduhsd.net/kshakeri/chemistry_pages/Handouts/Spring_2009/Unit_12_Equilibrium/Chemical_Equilibrium_Practice_Problems_key.doc]
[teachers.sduhsd.net/kshakeri/chemistry_pages/Handouts/Spring_2009/Unit_10_Thermochemistry/Chapter 16, 17, 18 Objectives.pdf]
[teachers.sduhsd.net/kshakeri/chemistry_pages/Handouts/Spring_2009/Unit_12_Equilibrium/16 17 18 HW Packet.doc]
[teachers.sduhsd.net/kshakeri/chemistry_pages/Handouts/Spring_2009/Unit_10_Thermochemistry/Heat and Chemical Change Problems2.doc]
[teachers.sduhsd.net/kshakeri/chemistry_pages/Handouts/Spring_2009/Unit_10_Thermochemistry/HW 28 hey.jpg]
[teachers.sduhsd.net/kshakeri/chemistry_pages/Handouts/Spring_2009/Unit_10_Thermochemistry/HW_29.pdf]
[teachers.sduhsd.net/kshakeri/chemistry_pages/Handouts/Spring_2009/Unit_10_Thermochemistry/Heat of Fusion of Ice Lab.doc]
[teachers.sduhsd.net/kshakeri/chemistry_pages/Handouts/Spring_2009/Unit_10_Thermochemistry/Heat_and_Chemical_Change_Problems_key.pdf]
[teachers.sduhsd.net/kshakeri/chemistry_pages/Handouts/Spring_2009/Unit_9_acid_Base/HW_26_page_1.pdf]
[teachers.sduhsd.net/kshakeri/chemistry_pages/Handouts/Spring_2009/Unit_9_acid_Base/HW_26_page_2.pdf]
[teachers.sduhsd.net/kshakeri/chemistry_pages/Handouts/Spring_2009/Unit_9_acid_Base/Acids and Bases Worksheet_key.doc]
[teachers.sduhsd.net/kshakeri/chemistry_pages/Handouts/Spring_2009/Unit_9_acid_Base/Homework 27 answers.pdf]
[teachers.sduhsd.net/kshakeri/chemistry_pages/Handouts/Spring_2009/Unit_9_acid_Base/Acids and Bases Titration Lab.pdf]
[teachers.sduhsd.net/kshakeri/chemistry_pages/Handouts/Spring_2009/Unit_9_acid_Base/Acids & Bases Quiz A.doc]
[teachers.sduhsd.net/kshakeri/chemistry_pages/Handouts/Spring_2009/Unit_9_acid_Base/Acid_Base_Test_Review.doc]
[teachers.sduhsd.net/kshakeri/chemistry_pages/Handouts/Spring_2009/Unit_9_acid_Base/study_guide_key_2009.doc]
[teachers.sduhsd.net/kshakeri/chemistry_pages/Handouts/Lab Report Format.pdf]
[teachers.sduhsd.net/kshakeri/chemistry_pages/Handouts/Spring_2009/Unit_9_acid_Base/Chapter 14 and 15 Objectives.pdf]
[teachers.sduhsd.net/kshakeri/chemistry_pages/Handouts/Spring_2009/Unit_9_acid_Base/HW Packet Acid Base Unita.doc]
[teachers.sduhsd.net/kshakeri/chemistry_pages/Handouts/Spring_2009/Unit_9_acid_Base/pH_of_common_solutions.doc]
[teachers.sduhsd.net/kshakeri/chemistry_pages/Handouts/Spring_2009/Unit_9_acid_Base/HW25.pdf]
[teachers.sduhsd.net/kshakeri/chemistry_pages/Handouts/Spring_2009/Unit_9_acid_Base/Acids and Bases Worksheet.doc]
[teachers.sduhsd.net/kshakeri/chemistry_pages/Handouts/Spring_2009/Unit_5_chemical_reactions/chap_9_10_11_HW Packet.pdf]
[teachers.sduhsd.net/kshakeri/chemistry_pages/Handouts/Spring_2009/Unit_8_Solutions/HW 22 key.pdf]
[teachers.sduhsd.net/kshakeri/chemistry_pages/Handouts/Spring_2009/Unit_8_Solutions/Molarity_Lab_2009_PartII_2010_MC.pdf]
[teachers.sduhsd.net/kshakeri/AP_Chemistry_Pages/Handouts/Chapter_4_Chemical_Reaction/solubility_rules.pdf]
[teachers.sduhsd.net/kshakeri/chemistry_pages/Handouts/Spring_2009/Unit_8_Solutions/HW 23 Key.pdf]
[teachers.sduhsd.net/kshakeri/chemistry_pages/Handouts/Spring_2009/Unit_8_Solutions/Solutions_Worksheet_test_6_review.doc]
[teachers.sduhsd.net/kshakeri/chemistry_pages/Handouts/Spring_2009/Unit_8_Solutions/Solutions_review_key/page1.jpg]
[teachers.sduhsd.net/kshakeri/chemistry_pages/Handouts/Spring_2009/Unit_8_Solutions/Solutions_review_key/page2.jpg]
[teachers.sduhsd.net/kshakeri/chemistry_pages/Handouts/Spring_2009/Unit_8_Solutions/Solutions_review_key/page3.jpg]
[teachers.sduhsd.net/kshakeri/chemistry_pages/Handouts/Spring_2009/Unit_8_Solutions/Chapter 12 and 13 Objectives.pdf]
[teachers.sduhsd.net/kshakeri/chemistry_pages/Handouts/Spring_2009/Unit_8_Solutions/Homework Packet For Test_F10.doc]
[teachers.sduhsd.net/kshakeri/chemistry_pages/Handouts/Spring_2009/Unit_7_Gases/page_353_13-17_23-25, 34,35.pdf]
[teachers.sduhsd.net/kshakeri/chemistry_pages/Handouts/Spring_2009/Unit_7_Gases/labdryice.pdf]
[teachers.sduhsd.net/kshakeri/chemistry_pages/Handouts/Spring_2009/Unit_7_Gases/Unit_6_Objectives.pdf]
[teachers.sduhsd.net/kshakeri/chemistry_pages/Handouts/Spring_2009/Unit_5_chemical_reactions/Limiting Reagent and Percent Yield Problems.doc]
[teachers.sduhsd.net/kshakeri/chemistry_pages/Handouts/Spring_2009/Unit_5_chemical_reactions/Limiting_Reagent_and_Percent_Yield_Problems_key.doc]
[teachers.sduhsd.net/kshakeri/chemistry_pages/Handouts/Spring_2009/Unit_5_chemical_reactions/Limiting Reagent Lab.doc]
[teachers.sduhsd.net/kshakeri/chemistry_pages/Handouts/Spring_2009/Unit_5_chemical_reactions/Unit 4 review.doc]
[teachers.sduhsd.net/kshakeri/chemistry_pages/Handouts/Spring_2009/Unit_5_chemical_reactions/Stoichiometry_problems.doc]
[teachers.sduhsd.net/kshakeri/chemistry_pages/Handouts/Spring_2009/Unit_5_chemical_reactions/Stoichiometry Worksheet key.doc]
[teachers.sduhsd.net/kshakeri/chemistry_pages/Handouts/Spring_2009/Unit_5_chemical_reactions/Stoichmap_f10.pdf]
[teachers.sduhsd.net/kshakeri/chemistry_pages/Powerpoints/Fall_2008/chapter_9/stoichiometry.ppt]
[teachers.sduhsd.net/kshakeri/chemistry_pages/Handouts/Spring_2009/Unit_4_Moles/UNIT_5_ objectives.pdf]
[teachers.sduhsd.net/kshakeri/chemistry_pages/Handouts/Spring_2009/Unit_5_chemical_reactions/UNIT 4 HW Packet.pdf]
[teachers.sduhsd.net/kshakeri/chemistry_pages/Handouts/Spring_2009/Midterms_and_final/MIDTERM REVIEW fall_2011_no_stoich.pdf]
[teachers.sduhsd.net/kshakeri/chemistry_pages/Handouts/Spring_2009/Midterms_and_final/1st semester study guide_key.pdf]
[teachers.sduhsd.net/kshakeri/chemistry_pages/Handouts/Spring_2009/Unit_2/UNIT 2 OBJECTIVES_f11.pdf]
[teachers.sduhsd.net/kshakeri/chemistry_pages/Handouts/Spring_2009/Unit_2/UNIT 2 OBJECTIVES_f14.pdf]
[teachers.sduhsd.net/kshakeri/chemistry_pages/Handouts/Spring_2009/Unit_3_bonding/UNIT_4_objectives_BONDING.pdf]
[teachers.sduhsd.net/kshakeri/chemistry_pages/Handouts/Spring_2009/Unit_4_Moles/Formula_of_MgO_Laboratory.doc]
[teachers.sduhsd.net/kshakeri/chemistry_pages/Handouts/Spring_2009/Unit_4_Moles/Percent_Comp_emprical_formulas.pdf]
[teachers.sduhsd.net/kshakeri/chemistry_pages/Handouts/Spring_2009/Unit_4_Moles/Percent_Comp_emprical_formulas_key.doc]
[teachers.sduhsd.net/kshakeri/chemistry_pages/Handouts/Spring_2009/Unit_5_chemical_reactions/Chemical_Reactions_and_Predicting_Products_Worksheet.doc]
[teachers.sduhsd.net/kshakeri/chemistry_pages/Handouts/Spring_2009/Unit_4_Moles/moles_masteryassignment.pdf]
[teachers.sduhsd.net/kshakeri/chemistry_pages/Handouts/Spring_2009/Unit_5_chemical_reactions/chemical_reactions_WS_key.pdf]
[teachers.sduhsd.net/kshakeri/chemistry_pages/Handouts/Spring_2009/Unit_5_chemical_reactions/HW_12_page_292_HW_key.txt]
[teachers.sduhsd.net/kshakeri/chemistry_pages/Handouts/Spring_2009/Unit_3_bonding/writing_formulas_page_1_key.pdf]
[teachers.sduhsd.net/kshakeri/chemistry_pages/Handouts/Spring_2009/Unit_3_bonding/writing_formulas_page_2_key.pdf]
[teachers.sduhsd.net/kshakeri/chemistry_pages/Handouts/Spring_2009/Unit_3_bonding/ionlab001.pdf]
[teachers.sduhsd.net/kshakeri/chemistry_pages/Handouts/Spring_2009/Unit_3_bonding/Test_4_review_chapter_6_and_7_spring_09_no_moles_f10.pdf]
[teachers.sduhsd.net/kshakeri/chemistry_pages/Handouts/Spring_2009/Unit_3_bonding/test _review_4_key_chapters_6_7.pdf]
[teachers.sduhsd.net/kshakeri/chemistry_pages/Handouts/Spring_2009/Unit_3_bonding/Homework Packet Unit 3.doc]
[teachers.sduhsd.net/kshakeri/chemistry_pages/Handouts/Spring_2009/Unit_4_Moles/The_Mega_Mole_Worksheet.doc]
[teachers.sduhsd.net/kshakeri/chemistry_pages/Handouts/Spring_2009/Unit_4_Moles/molemap.pdf]
[teachers.sduhsd.net/kshakeri/chemistry_pages/Handouts/Spring_2009/Unit_4_Moles/The_Mega_Mole_Worksheet_key.doc]
[teachers.sduhsd.net/kshakeri/chemistry_pages/Handouts/Spring_2009/Unit_3_bonding/geometry_sheet.pdf]
[teachers.sduhsd.net/kshakeri/chemistry_pages/Handouts/Spring_2009/Unit_3_bonding/Molecular_Geometry_Activity_Chart.pdf]
[teachers.sduhsd.net/kshakeri/chemistry_pages/Handouts/Spring_2009/Unit_3_bonding/lewis_structure_key.pdf]
[teachers.sduhsd.net/kshakeri/chemistry_pages/Handouts/Spring_2009/Unit_3_bonding/Ions_Ionic_bonding_key.pdf]
[teachers.sduhsd.net/kshakeri/chemistry_pages/Handouts/Spring_2009/Unit_3_bonding/HW 10 key chapter 6.pdf]
[teachers.sduhsd.net/kshakeri/chemistry_pages/Handouts/Spring_2009/Unit_3_bonding/hw_11_key.pdf]
[teachers.sduhsd.net/kshakeri/chemistry_pages/Handouts/Spring_2009/Unit_3_bonding/Writing Compound Formulas Worksheet.pdf]
[teachers.sduhsd.net/kshakeri/chemistry_pages/Handouts/Spring_2009/Unit_3_bonding/Ion_charts_and_naming.pdf]
[teachers.sduhsd.net/kshakeri/chemistry_pages/Handouts/Spring_2009/Unit_2/HW_7.pdf]
[teachers.sduhsd.net/kshakeri/chemistry_pages/Handouts/Spring_2009/Unit_2/PES_Reading.pdf]
[teachers.sduhsd.net/kshakeri/chemistry_pages/Handouts/Spring_2009/Unit_2/PES worksheet (1).pdf]
[teachers.sduhsd.net/kshakeri/chemistry_pages/Handouts/Spring_2009/Unit_2/Unit_3_Mastery_Chapter_4_5.pdf]
[teachers.sduhsd.net/kshakeri/chemistry_pages/Handouts/Spring_2009/Unit_2/PES Graphs Excel (version 1).xls]
[teachers.sduhsd.net/kshakeri/chemistry_pages/Handouts/Spring_2009/Unit_2/HW8 Key page167.pdf]
[teachers.sduhsd.net/kshakeri/chemistry_pages/Handouts/Spring_2009/Unit_2/Test_3_review_F11.pdf]
[teachers.sduhsd.net/kshakeri/chemistry_pages/Handouts/Spring_2009/Unit_2/Test_Review_Key.pdf]
[teachers.sduhsd.net/kshakeri/chemistry_pages/Handouts/Spring_2009/Unit_2/UNIT 2 Packet_f14.pdf]
[teachers.sduhsd.net/kshakeri/chemistry_pages/Handouts/Spring_2009/Unit_3_bonding/hw9_Key.pdf]
[teachers.sduhsd.net/kshakeri/chemistry_pages/Handouts/Spring_2009/Unit_3_bonding/lewis_structure_WS.pdf]
[teachers.sduhsd.net/kshakeri/chemistry_pages/Handouts/Spring_2009/Unit_3_bonding/Ions_and_Ionic_Compounds_Wkst.pdf]
[teachers.sduhsd.net/kshakeri/chemistry_pages/Handouts/Spring_2009/Unit_2/HW 5 Key wavelength and frequency.jpg]
[teachers.sduhsd.net/kshakeri/chemistry_pages/Handouts/Spring_2009/Unit_2/Excited Gas Activity2.pdf]
[teachers.sduhsd.net/kshakeri/chemistry_pages/Handouts/Spring_2009/Unit_2/HW_6.pdf]
[teachers.sduhsd.net/kshakeri/chemistry_pages/Handouts/Spring_2009/Unit_2/configuration.pdf]
[teachers.sduhsd.net/kshakeri/chemistry_pages/Handouts/Spring_2009/Unit_6_Nuclear_Chemistry/nuclear chem WS key page 1.pdf]
[teachers.sduhsd.net/kshakeri/chemistry_pages/Handouts/Spring_2009/Unit_6_Nuclear_Chemistry/nuclear chem WS key page 2.pdf]
[teachers.sduhsd.net/kshakeri/chemistry_pages/Handouts/Spring_2009/Unit_6_Nuclear_Chemistry/nuclear chem WS key page 3.pdf]
[teachers.sduhsd.net/kshakeri/chemistry_pages/Handouts/Spring_2009/Unit_2/Test_2_review_F11.pdf]
[teachers.sduhsd.net/kshakeri/chemistry_pages/Handouts/Spring_2009/Unit_1/Unit 1 Mastery.pdf]
[teachers.sduhsd.net/kshakeri/chemistry_pages/Handouts/Spring_2009/Unit_2/Homework Packet.pdf]
[teachers.sduhsd.net/kshakeri/chemistry_pages/Handouts/Spring_2009/Unit_1/conversions_key.pdf]
[teachers.sduhsd.net/kshakeri/chemistry_pages/Handouts/Spring_2009/Unit_2/PhET_BuildanAtom_2012.pdf]
[teachers.sduhsd.net/kshakeri/chemistry_pages/Homework_Sheets/chem_homework_f14.html]
[teachers.sduhsd.net/kshakeri/chemistry_pages/Powerpoints/Fall_2009/powerpoint.html]
[teachers.sduhsd.net/kshakeri/chemistry_pages/cool_links/cool_links.html]
[teachers.sduhsd.net/kshakeri/AP_Chemistry_Pages/Homework_page/homework_11/chem_homework_15.html]
[teachers.sduhsd.net/kshakeri/AP_Chemistry_Pages/Powerpoints/powerpoint.html]
[teachers.sduhsd.net/kshakeri/AP_Chemistry_Pages/Handouts/2012/handouts_13.html]
[teachers.sduhsd.net/kshakeri/AP_Chemistry_Pages/Links/links.html]
